// Jest Snapshot v1, https://goo.gl/fbAQLP

exports[`Link reducer renders multiple logo icon links 1`] = `undefined`;
